../Core/Src/main.c:165:5:main	8
../Core/Src/main.c:263:6:CAN1_Send	2
../Core/Src/main.c:273:6:SystemClock_Config	3
../Core/Src/main.c:320:13:MX_CAN1_Init	2
../Core/Src/main.c:370:13:MX_CAN2_Init	2
../Core/Src/main.c:420:13:MX_USART3_UART_Init	2
../Core/Src/main.c:453:13:MX_GPIO_Init	1
../Core/Src/main.c:494:6:readFromTester	3
../Core/Src/main.c:506:6:MX_CAN1_Setup	1
../Core/Src/main.c:512:6:MX_CAN2_Setup	1
../Core/Src/main.c:519:6:USART3_SendString	2
../Core/Src/main.c:527:6:PrintCANLog	3
../Core/Src/main.c:557:6:HAL_UART_RxCpltCallback	1
../Core/Src/main.c:564:6:delay	1
../Core/Src/main.c:577:6:HAL_CAN_RxFifo0MsgPendingCallback	1
../Core/Src/main.c:585:6:HAL_CAN_RxFifo1MsgPendingCallback	1
../Core/Src/main.c:596:6:checkAndHandle_ECU	12
../Core/Src/main.c:640:6:checkAndHandle_tester	7
../Core/Src/main.c:667:6:HandleSID2E	3
../Core/Src/main.c:691:6:ReadDataByIdentifierRequestFrame	1
../Core/Src/main.c:697:6:ReadDataByIdentifierResponseFrame	1
../Core/Src/main.c:703:6:WriteDataByIdentifierRequestFrame	1
../Core/Src/main.c:711:6:WriteDataByIdentifierResponseFrame	1
../Core/Src/main.c:717:6:securityAccessServiceSeedRequestFrame	1
../Core/Src/main.c:722:6:securityAccessServiceSeedResponseFrame	1
../Core/Src/main.c:736:6:securityAccessSendKeyRequestFrame	1
../Core/Src/main.c:743:6:securityAccessSendKeyResponseFrame	1
../Core/Src/main.c:755:6:SecurityAccessNegativeResponseMessage	1
../Core/Src/main.c:761:6:HandleSID22	2
../Core/Src/main.c:773:6:HandleSID27	4
../Core/Src/main.c:790:6:HandleSID6E	2
../Core/Src/main.c:801:6:HandleSID67	2
../Core/Src/main.c:811:6:HandleSID62	1
../Core/Src/main.c:823:9:get_sub_function	1
../Core/Src/main.c:826:9:generate_seed	1
../Core/Src/main.c:829:9:checkKey	3
../Core/Src/main.c:837:9:get_NRC	1
../Core/Src/main.c:840:10:cal_key	1
../Core/Src/main.c:847:10:get_DID	1
../Core/Src/main.c:853:9:get_SID	1
../Core/Src/main.c:856:9:get_size	1
../Core/Src/main.c:859:9:get_PCI	1
../Core/Src/main.c:872:6:Error_Handler	1
