2024-11-17 20:51:16,798 [INFO] Activator:176 - 


2024-11-17 20:51:16,800 [INFO] Activator:177 - !SESSION log4j initialized
2024-11-17 20:51:21,305 [INFO] LogOutputStream:77 - [STDOUT_REDIRECT] 
2024-11-17 20:51:28,307 [INFO] ApplicationProperties:184 - Using Application install path: E:\STM32Cube\STM32CubeIDE_1.13.2\STM32CubeIDE\plugins\com.st.stm32cube.common.mx_6.12.0.202406281431
2024-11-17 20:51:28,364 [INFO] DbMcusXml:78 - Set database path to: E:\STM32Cube\STM32CubeIDE_1.13.2\STM32CubeIDE\plugins\com.st.stm32cube.common.mx_6.12.0.202406281431\\db\/mcu/
2024-11-17 20:51:28,364 [INFO] ApiDb:274 - Set plugin database path to: E:\STM32Cube\STM32CubeIDE_1.13.2\STM32CubeIDE\plugins\com.st.stm32cube.common.mx_6.12.0.202406281431\\db\/plugins/boardmanager/
2024-11-17 20:51:28,364 [WARN] ApiDb:259 - Overriding images path with different value:  => E:\STM32Cube\STM32CubeIDE_1.13.2\STM32CubeIDE\plugins\com.st.stm32cube.common.mx_6.12.0.202406281431\\db\/plugins/mcufinder/images/
2024-11-17 20:51:28,411 [INFO] ApiDb:250 - Set database path to: C:\Users\ADMIN\.stmcufinder\plugins\mcufinder//mcu/
2024-11-17 20:51:28,412 [INFO] DbMcusAds:125 - Set database path to: C:\Users\ADMIN\.stmcufinder\plugins\mcufinder//mcu/
2024-11-17 20:51:28,416 [INFO] CrossReferenceDbSqlite:203 - Set database path to: C:\Users\ADMIN\.stmcufinder\plugins\mcufinder//mcu/cs/
2024-11-17 20:51:28,599 [INFO] RulesReader:64 - Compatibility file has been processed (297 Rules)
2024-11-17 20:51:28,732 [INFO] DbMcusXml:78 - Set database path to: E:\STM32Cube\STM32CubeIDE_1.13.2\STM32CubeIDE\plugins\com.st.stm32cube.common.mx_6.12.0.202406281431\\db\/mcu/
2024-11-17 20:51:28,732 [INFO] ApiDb:274 - Set plugin database path to: E:\STM32Cube\STM32CubeIDE_1.13.2\STM32CubeIDE\plugins\com.st.stm32cube.common.mx_6.12.0.202406281431\\db\/plugins/boardmanager/
2024-11-17 20:51:28,732 [INFO] ApiDb:261 - Set plugin images path to: E:\STM32Cube\STM32CubeIDE_1.13.2\STM32CubeIDE\plugins\com.st.stm32cube.common.mx_6.12.0.202406281431\\db\/plugins/mcufinder/images/
2024-11-17 20:51:28,732 [WARN] DbFile:41 - Overriding database path with different value: C:\Users\ADMIN\.stmcufinder\plugins\mcufinder/ => C:\Users\ADMIN\.stmcufinder\plugins\mcufinder
2024-11-17 20:51:28,733 [INFO] ApiDb:250 - Set database path to: C:\Users\ADMIN\.stmcufinder\plugins\mcufinder//mcu/
2024-11-17 20:51:28,733 [WARN] DbFile:41 - Overriding database path with different value: C:\Users\ADMIN\.stmcufinder\plugins\mcufinder/ => C:\Users\ADMIN\.stmcufinder\plugins\mcufinder
2024-11-17 20:51:28,733 [INFO] DbMcusAds:125 - Set database path to: C:\Users\ADMIN\.stmcufinder\plugins\mcufinder//mcu/
2024-11-17 20:51:28,733 [WARN] DbFile:41 - Overriding database path with different value: C:\Users\ADMIN\.stmcufinder\plugins\mcufinder/ => C:\Users\ADMIN\.stmcufinder\plugins\mcufinder
2024-11-17 20:51:28,733 [WARN] DbFile:41 - Overriding database path with different value: C:\Users\ADMIN\.stmcufinder\plugins\mcufinder/ => C:\Users\ADMIN\.stmcufinder\plugins\mcufinder
2024-11-17 20:51:28,733 [INFO] CrossReferenceDbSqlite:203 - Set database path to: C:\Users\ADMIN\.stmcufinder\plugins\mcufinder//mcu/cs/
2024-11-17 20:51:28,891 [INFO] MainPanel:268 - HeapMemory: 268435456
2024-11-17 20:51:29,092 [INFO] DbMcusXml:78 - Set database path to: E:\STM32Cube\STM32CubeIDE_1.13.2\STM32CubeIDE\plugins\com.st.stm32cube.common.mx_6.12.0.202406281431\\db\/mcu/
2024-11-17 20:51:29,092 [INFO] ApiDb:274 - Set plugin database path to: E:\STM32Cube\STM32CubeIDE_1.13.2\STM32CubeIDE\plugins\com.st.stm32cube.common.mx_6.12.0.202406281431\\db\/plugins/boardmanager/
2024-11-17 20:51:29,092 [INFO] ApiDb:261 - Set plugin images path to: E:\STM32Cube\STM32CubeIDE_1.13.2\STM32CubeIDE\plugins\com.st.stm32cube.common.mx_6.12.0.202406281431\\db\/plugins/mcufinder/images/
2024-11-17 20:51:29,093 [WARN] DbFile:41 - Overriding database path with different value: C:\Users\ADMIN\.stmcufinder\plugins\mcufinder/ => C:\Users\ADMIN\.stmcufinder\plugins\mcufinder
2024-11-17 20:51:29,093 [INFO] ApiDb:250 - Set database path to: C:\Users\ADMIN\.stmcufinder\plugins\mcufinder//mcu/
2024-11-17 20:51:29,110 [WARN] DbFile:41 - Overriding database path with different value: C:\Users\ADMIN\.stmcufinder\plugins\mcufinder/ => C:\Users\ADMIN\.stmcufinder\plugins\mcufinder
2024-11-17 20:51:29,111 [INFO] DbMcusAds:125 - Set database path to: C:\Users\ADMIN\.stmcufinder\plugins\mcufinder//mcu/
2024-11-17 20:51:29,111 [WARN] DbFile:41 - Overriding database path with different value: C:\Users\ADMIN\.stmcufinder\plugins\mcufinder/ => C:\Users\ADMIN\.stmcufinder\plugins\mcufinder
2024-11-17 20:51:29,111 [WARN] DbFile:41 - Overriding database path with different value: C:\Users\ADMIN\.stmcufinder\plugins\mcufinder/ => C:\Users\ADMIN\.stmcufinder\plugins\mcufinder
2024-11-17 20:51:29,111 [INFO] CrossReferenceDbSqlite:203 - Set database path to: C:\Users\ADMIN\.stmcufinder\plugins\mcufinder//mcu/cs/
2024-11-17 20:51:29,143 [INFO] ApplicationProperties:184 - Using Application install path: E:\STM32Cube\STM32CubeIDE_1.13.2\STM32CubeIDE\plugins\com.st.stm32cube.common.mx_6.12.0.202406281431
2024-11-17 20:51:29,144 [INFO] PluginManage:196 - Search for loadable plugins [exclusion list=, ]
2024-11-17 20:51:29,146 [INFO] PluginManage:310 - Check plugin analytics
2024-11-17 20:51:33,918 [INFO] AnalyticsPlugin:253 - Accepted Software Licenses: STM32CubeMX.6.10.0,STM32CubeMX.6.12.0
2024-11-17 20:51:33,919 [INFO] AnalyticsPlugin:255 - Accepted CMSIS Pack Licenses: 
2024-11-17 20:51:33,919 [INFO] AnalyticsPlugin:257 - Accepted Firmware Licenses: FW.F4.1.27.0,FW.F4.1.28.0
2024-11-17 20:51:33,921 [INFO] PluginManage:359 - Loaded plugin analytics (category:tool,tabindex:-1)
2024-11-17 20:51:33,921 [INFO] PluginManage:310 - Check plugin cadmodel
2024-11-17 20:51:33,961 [INFO] CADModel:105 - Init CAD model plugin
2024-11-17 20:51:33,961 [INFO] PluginManage:359 - Loaded plugin cadmodel (category:power,tabindex:5)
2024-11-17 20:51:33,961 [INFO] PluginManage:310 - Check plugin clock
2024-11-17 20:51:33,998 [INFO] PluginManage:359 - Loaded plugin clock (category:base,tabindex:2)
2024-11-17 20:51:33,998 [INFO] PluginManage:310 - Check plugin ddr
2024-11-17 20:51:34,007 [INFO] PluginManage:359 - Loaded plugin ddr (category:tool,tabindex:6)
2024-11-17 20:51:34,008 [INFO] PluginManage:310 - Check plugin filemanager
2024-11-17 20:51:34,334 [INFO] PluginManage:359 - Loaded plugin filemanager (category:base,tabindex:10)
2024-11-17 20:51:34,334 [INFO] PluginManage:310 - Check plugin ipmanager
2024-11-17 20:51:34,348 [INFO] PluginManage:359 - Loaded plugin ipmanager (category:base,tabindex:5)
2024-11-17 20:51:34,348 [INFO] PluginManage:310 - Check plugin lpbam
2024-11-17 20:51:34,366 [INFO] PluginManage:359 - Loaded plugin lpbam (category:base,tabindex:0)
2024-11-17 20:51:34,366 [INFO] PluginManage:310 - Check plugin memorymap
2024-11-17 20:51:34,390 [INFO] PluginManage:359 - Loaded plugin memorymap (category:base,tabindex:4)
2024-11-17 20:51:34,390 [INFO] PluginManage:310 - Check plugin pinoutandconfiguration
2024-11-17 20:51:34,433 [INFO] PluginManage:359 - Loaded plugin pinoutandconfiguration (category:base,tabindex:1)
2024-11-17 20:51:34,433 [INFO] PluginManage:310 - Check plugin pinoutconfig
2024-11-17 20:51:34,590 [WARN] SupportedApi:132 - Cannot load RTOS API schema: s4s-elt-must-match.1: The content of 'definitions' must match (annotation?, (simpleType | complexType)?, (unique | key | keyref)*)). A problem was found starting at: attribute.
2024-11-17 20:51:34,721 [INFO] PluginManage:359 - Loaded plugin pinoutconfig (category:base,tabindex:0)
2024-11-17 20:51:34,721 [INFO] PluginManage:310 - Check plugin power
2024-11-17 20:51:34,758 [INFO] PluginManage:359 - Loaded plugin power (category:power,tabindex:4)
2024-11-17 20:51:34,758 [INFO] PluginManage:310 - Check plugin projectmanager
2024-11-17 20:51:34,776 [INFO] PluginManage:359 - Loaded plugin projectmanager (category:projectmanager,tabindex:4)
2024-11-17 20:51:34,776 [INFO] PluginManage:310 - Check plugin rif
2024-11-17 20:51:34,789 [INFO] PluginManage:359 - Loaded plugin rif (category:base,tabindex:3)
2024-11-17 20:51:34,789 [INFO] PluginManage:310 - Check plugin thirdparty
2024-11-17 20:51:35,010 [INFO] PluginManage:359 - Loaded plugin thirdparty (category:base,tabindex:-1)
2024-11-17 20:51:35,010 [WARN] IntegrityCheckThread:84 - waiting for thirdparty lock release [integrity check]
2024-11-17 20:51:35,011 [INFO] PluginManage:310 - Check plugin tools
2024-11-17 20:51:35,011 [INFO] IntegrityCheckThread:86 - entering critical section [integrity check]
2024-11-17 20:51:35,011 [INFO] ThirdPartyUpdaterWithRetryManager:70 - Updater plugin not ready yet. [1/15]
2024-11-17 20:51:35,019 [INFO] PluginManage:359 - Loaded plugin tools (category:base,tabindex:7)
2024-11-17 20:51:35,019 [INFO] PluginManage:310 - Check plugin tutovideos
2024-11-17 20:51:35,209 [INFO] PluginManage:359 - Loaded plugin tutovideos (category:base,tabindex:-1)
2024-11-17 20:51:35,210 [INFO] PluginManage:310 - Check plugin updater
2024-11-17 20:51:35,238 [INFO] PluginManage:359 - Loaded plugin updater (category:base,tabindex:12)
2024-11-17 20:51:35,239 [INFO] PluginManage:310 - Check plugin userauth
2024-11-17 20:51:35,261 [INFO] UserAuth:113 - Init User Auth plugin
2024-11-17 20:51:35,261 [INFO] PluginManage:359 - Loaded plugin userauth (category:base,tabindex:14)
2024-11-17 20:51:35,261 [INFO] PluginManage:283 - PluginManage : Loaded plugins [18]
2024-11-17 20:51:35,610 [INFO] PinOutPanel:1561 - setPackage(No Configuration,No Configuration)
2024-11-17 20:51:35,765 [INFO] CADModel:165 - CPN selected for project level
2024-11-17 20:51:35,765 [INFO] CADModel:114 - Register for checkConnection events
2024-11-17 20:51:35,813 [INFO] IPUIPlugin:80 - create IPUIPlugin
2024-11-17 20:51:35,813 [INFO] PluginManager:220 - loadIPPluginJar : add adc
2024-11-17 20:51:35,827 [INFO] IPUIPlugin:80 - create IPUIPlugin
2024-11-17 20:51:35,827 [INFO] PluginManager:220 - loadIPPluginJar : add aes
2024-11-17 20:51:35,836 [INFO] IPUIPlugin:80 - create IPUIPlugin
2024-11-17 20:51:35,836 [INFO] PluginManager:220 - loadIPPluginJar : add can
2024-11-17 20:51:35,842 [INFO] IPUIPlugin:80 - create IPUIPlugin
2024-11-17 20:51:35,842 [INFO] PluginManager:220 - loadIPPluginJar : add comp
2024-11-17 20:51:35,860 [INFO] IPUIPlugin:80 - create IPUIPlugin
2024-11-17 20:51:35,860 [INFO] PluginManager:220 - loadIPPluginJar : add cryp
2024-11-17 20:51:35,886 [INFO] IPUIPlugin:80 - create IPUIPlugin
2024-11-17 20:51:35,887 [INFO] PluginManager:220 - loadIPPluginJar : add ddr_ctrl_phy
2024-11-17 20:51:35,900 [INFO] IPUIPlugin:80 - create IPUIPlugin
2024-11-17 20:51:35,901 [INFO] PluginManager:220 - loadIPPluginJar : add dfsdm
2024-11-17 20:51:35,918 [INFO] IPUIPlugin:80 - create IPUIPlugin
2024-11-17 20:51:35,918 [INFO] PluginManager:220 - loadIPPluginJar : add dma
2024-11-17 20:51:35,936 [INFO] IPUIPlugin:80 - create IPUIPlugin
2024-11-17 20:51:35,936 [INFO] PluginManager:220 - loadIPPluginJar : add dma3
2024-11-17 20:51:35,940 [INFO] IPUIPlugin:80 - create IPUIPlugin
2024-11-17 20:51:35,940 [INFO] PluginManager:220 - loadIPPluginJar : add extmemmanager
2024-11-17 20:51:35,949 [INFO] IPUIPlugin:80 - create IPUIPlugin
2024-11-17 20:51:35,949 [INFO] PluginManager:220 - loadIPPluginJar : add fatfs
2024-11-17 20:51:35,961 [INFO] IPUIPlugin:80 - create IPUIPlugin
2024-11-17 20:51:35,962 [INFO] PluginManager:220 - loadIPPluginJar : add fmc
2024-11-17 20:51:35,986 [INFO] IPUIPlugin:80 - create IPUIPlugin
2024-11-17 20:51:35,986 [INFO] PluginManager:220 - loadIPPluginJar : add freertos
2024-11-17 20:51:35,996 [INFO] IPUIPlugin:80 - create IPUIPlugin
2024-11-17 20:51:35,996 [INFO] PluginManager:220 - loadIPPluginJar : add genericplugin
2024-11-17 20:51:36,010 [INFO] IPUIPlugin:80 - create IPUIPlugin
2024-11-17 20:51:36,010 [INFO] PluginManager:220 - loadIPPluginJar : add gfxmmu
2024-11-17 20:51:36,019 [INFO] IPUIPlugin:80 - create IPUIPlugin
2024-11-17 20:51:36,019 [INFO] PluginManager:220 - loadIPPluginJar : add gic
2024-11-17 20:51:36,032 [INFO] IPUIPlugin:80 - create IPUIPlugin
2024-11-17 20:51:36,032 [INFO] PluginManager:220 - loadIPPluginJar : add gpio
2024-11-17 20:51:36,038 [INFO] IPUIPlugin:80 - create IPUIPlugin
2024-11-17 20:51:36,038 [INFO] PluginManager:220 - loadIPPluginJar : add gtzc
2024-11-17 20:51:36,052 [INFO] IPUIPlugin:80 - create IPUIPlugin
2024-11-17 20:51:36,052 [INFO] PluginManager:220 - loadIPPluginJar : add hash
2024-11-17 20:51:36,054 [INFO] IPUIPlugin:80 - create IPUIPlugin
2024-11-17 20:51:36,054 [INFO] PluginManager:220 - loadIPPluginJar : add i2c
2024-11-17 20:51:36,058 [INFO] IPUIPlugin:80 - create IPUIPlugin
2024-11-17 20:51:36,058 [INFO] PluginManager:220 - loadIPPluginJar : add i2s
2024-11-17 20:51:36,072 [INFO] IPUIPlugin:80 - create IPUIPlugin
2024-11-17 20:51:36,072 [INFO] PluginManager:220 - loadIPPluginJar : add i3c
2024-11-17 20:51:36,080 [INFO] IPUIPlugin:80 - create IPUIPlugin
2024-11-17 20:51:36,081 [INFO] PluginManager:220 - loadIPPluginJar : add ipddr
2024-11-17 20:51:36,112 [INFO] IPUIPlugin:80 - create IPUIPlugin
2024-11-17 20:51:36,112 [INFO] PluginManager:220 - loadIPPluginJar : add linkedlist
2024-11-17 20:51:36,121 [INFO] IPUIPlugin:80 - create IPUIPlugin
2024-11-17 20:51:36,122 [INFO] PluginManager:220 - loadIPPluginJar : add lorawan
2024-11-17 20:51:36,132 [INFO] IPUIPlugin:80 - create IPUIPlugin
2024-11-17 20:51:36,132 [INFO] PluginManager:220 - loadIPPluginJar : add ltdc
2024-11-17 20:51:36,147 [INFO] IPUIPlugin:80 - create IPUIPlugin
2024-11-17 20:51:36,147 [INFO] PluginManager:220 - loadIPPluginJar : add mdma
2024-11-17 20:51:36,154 [INFO] IPUIPlugin:80 - create IPUIPlugin
2024-11-17 20:51:36,154 [INFO] PluginManager:220 - loadIPPluginJar : add nvic
2024-11-17 20:51:36,166 [INFO] IPUIPlugin:80 - create IPUIPlugin
2024-11-17 20:51:36,166 [INFO] PluginManager:220 - loadIPPluginJar : add opamp
2024-11-17 20:51:36,169 [INFO] IPUIPlugin:80 - create IPUIPlugin
2024-11-17 20:51:36,169 [INFO] PluginManager:220 - loadIPPluginJar : add openamp
2024-11-17 20:51:36,190 [INFO] IPUIPlugin:80 - create IPUIPlugin
2024-11-17 20:51:36,191 [INFO] PluginManager:220 - loadIPPluginJar : add pdm2pcm
2024-11-17 20:51:36,202 [INFO] IPUIPlugin:80 - create IPUIPlugin
2024-11-17 20:51:36,204 [INFO] PluginManager:220 - loadIPPluginJar : add plateformsettings
2024-11-17 20:51:36,215 [INFO] IPUIPlugin:80 - create IPUIPlugin
2024-11-17 20:51:36,215 [INFO] PluginManager:220 - loadIPPluginJar : add quadspi
2024-11-17 20:51:36,217 [INFO] IPUIPlugin:80 - create IPUIPlugin
2024-11-17 20:51:36,218 [INFO] PluginManager:220 - loadIPPluginJar : add radio
2024-11-17 20:51:36,243 [INFO] IPUIPlugin:80 - create IPUIPlugin
2024-11-17 20:51:36,243 [INFO] PluginManager:220 - loadIPPluginJar : add resmgrutility
2024-11-17 20:51:36,259 [INFO] IPUIPlugin:80 - create IPUIPlugin
2024-11-17 20:51:36,260 [INFO] PluginManager:220 - loadIPPluginJar : add sai
2024-11-17 20:51:36,270 [INFO] IPUIPlugin:80 - create IPUIPlugin
2024-11-17 20:51:36,270 [INFO] PluginManager:220 - loadIPPluginJar : add spi
2024-11-17 20:51:36,274 [INFO] IPUIPlugin:80 - create IPUIPlugin
2024-11-17 20:51:36,274 [INFO] PluginManager:220 - loadIPPluginJar : add stm32_wpan
2024-11-17 20:51:36,276 [INFO] IPUIPlugin:80 - create IPUIPlugin
2024-11-17 20:51:36,276 [INFO] PluginManager:220 - loadIPPluginJar : add tim
2024-11-17 20:51:36,285 [INFO] IPUIPlugin:80 - create IPUIPlugin
2024-11-17 20:51:36,285 [INFO] PluginManager:220 - loadIPPluginJar : add touchsensing
2024-11-17 20:51:36,287 [INFO] IPUIPlugin:80 - create IPUIPlugin
2024-11-17 20:51:36,287 [INFO] PluginManager:220 - loadIPPluginJar : add tracer_emb
2024-11-17 20:51:36,289 [INFO] IPUIPlugin:80 - create IPUIPlugin
2024-11-17 20:51:36,289 [INFO] PluginManager:220 - loadIPPluginJar : add ts
2024-11-17 20:51:36,291 [INFO] IPUIPlugin:80 - create IPUIPlugin
2024-11-17 20:51:36,291 [INFO] PluginManager:220 - loadIPPluginJar : add tsc
2024-11-17 20:51:36,299 [INFO] IPUIPlugin:80 - create IPUIPlugin
2024-11-17 20:51:36,299 [INFO] PluginManager:220 - loadIPPluginJar : add ucpd
2024-11-17 20:51:36,308 [INFO] IPUIPlugin:80 - create IPUIPlugin
2024-11-17 20:51:36,308 [INFO] PluginManager:220 - loadIPPluginJar : add usart
2024-11-17 20:51:36,310 [INFO] IPUIPlugin:80 - create IPUIPlugin
2024-11-17 20:51:36,310 [INFO] PluginManager:220 - loadIPPluginJar : add usbx
2024-11-17 20:51:36,472 [INFO] CADModel:165 - CPN selected for project level
2024-11-17 20:51:36,473 [INFO] CADModel:114 - Register for checkConnection events
2024-11-17 20:51:36,473 [FATAL] Updater:334 - Updater called before beeing initialized
2024-11-17 20:51:36,473 [ERROR] CADModel:125 - Updater not yet initialized, retry later 
2024-11-17 20:51:36,705 [INFO] CADModel:165 - CPN selected for project level
2024-11-17 20:51:36,705 [INFO] CADModel:114 - Register for checkConnection events
2024-11-17 20:51:36,706 [FATAL] Updater:334 - Updater called before beeing initialized
2024-11-17 20:51:36,706 [ERROR] CADModel:125 - Updater not yet initialized, retry later 
2024-11-17 20:51:36,720 [FATAL] Updater:334 - Updater called before beeing initialized
2024-11-17 20:51:36,832 [FATAL] Updater:334 - Updater called before beeing initialized
2024-11-17 20:51:36,848 [INFO] DbMcusAds:53 - JSON generation date=Fri Sep 20 20:04:38 ICT 2024 (1726837478367)
2024-11-17 20:51:36,848 [FATAL] Updater:334 - Updater called before beeing initialized
2024-11-17 20:51:36,959 [WARN] DetailPanel:346 - Failed to get advertising image, set to default
2024-11-17 20:51:37,101 [FATAL] Updater:334 - Updater called before beeing initialized
2024-11-17 20:51:37,103 [FATAL] Updater:334 - Updater called before beeing initialized
2024-11-17 20:51:37,103 [FATAL] Updater:334 - Updater called before beeing initialized
2024-11-17 20:51:37,103 [WARN] DetailPanel:346 - Failed to get advertising image, set to default
2024-11-17 20:51:37,104 [FATAL] Updater:334 - Updater called before beeing initialized
2024-11-17 20:51:37,232 [ERROR] Updater:1164 - MainUpdater not yet initialized. External WinMGr cannot be set.
2024-11-17 20:51:37,245 [INFO] Updater:1100 - Updater Version found : 6.12.0
2024-11-17 20:51:37,275 [INFO] ApplicationProperties:184 - Using Application install path: E:\STM32Cube\STM32CubeIDE_1.13.2\STM32CubeIDE\plugins\com.st.stm32cube.common.mx_6.12.0.202406281431
2024-11-17 20:51:38,014 [INFO] ThirdPartyUpdaterWithRetryManager:70 - Updater plugin not ready yet. [2/15]
2024-11-17 20:51:38,917 [ERROR] LogOutputStream:75 - [STDERR_REDIRECT] Nov 17, 2024 8:51:38 PM java.util.prefs.WindowsPreferences <init>
2024-11-17 20:51:38,919 [ERROR] LogOutputStream:75 - [STDERR_REDIRECT] WARNING: Could not open/create prefs root node Software\JavaSoft\Prefs at root 0xffffffff80000002. Windows RegCreateKeyEx(...) returned error code 5.
2024-11-17 20:51:38,919 [ERROR] LogOutputStream:75 - [STDERR_REDIRECT] 
2024-11-17 20:51:39,336 [INFO] MainUpdater:2873 - connection check result : 10
2024-11-17 20:51:39,336 [INFO] MainUpdater:290 - Updater Check For Update Now.
2024-11-17 20:51:39,336 [INFO] MicroXplorer:498 - Change Database Version : DB.6.0.120
2024-11-17 20:51:39,345 [INFO] McuFinderGlobals:63 - Set McuFinder mode to 2 (CubeIDE integrated)
2024-11-17 20:51:39,346 [INFO] UserAuth:417 - Internet connection configuration mode: 1
2024-11-17 20:51:39,414 [INFO] JxBrowserEngine:152 - Initiate JxBrowser Engine with user profile folder
2024-11-17 20:51:39,543 [INFO] CheckServerUpdateThread:120 - End of CheckServer Thread
2024-11-17 20:51:40,279 [INFO] WebApp:167 - Instantiating new browser for Auth
2024-11-17 20:51:41,138 [INFO] WebApp:448 - Apply proxy settings
2024-11-17 20:51:41,138 [INFO] WebApp:533 - Chromium requires no authentication
2024-11-17 20:51:41,149 [INFO] WebApp:476 - Direct internet connection detected
2024-11-17 20:51:41,180 [INFO] WebApp:869 - Register for checkConnection events
2024-11-17 20:51:41,180 [INFO] WebApp:448 - Apply proxy settings
2024-11-17 20:51:41,180 [INFO] WebApp:533 - Chromium requires no authentication
2024-11-17 20:51:41,181 [INFO] WebApp:476 - Direct internet connection detected
2024-11-17 20:51:41,359 [INFO] WebApp:186 - Connection restablished
2024-11-17 20:51:41,412 [INFO] WebApp:220 - Starting web application
2024-11-17 20:51:41,412 [INFO] WebApp:578 - Web application path used E:\STM32Cube\STM32CubeIDE_1.13.2\STM32CubeIDE\plugins\com.st.stm32cube.common.mx_6.12.0.202406281431\db\plugins\mcufinder\reactClient1\index.html
2024-11-17 20:51:41,437 [WARN] PackLoader:240 - Cannot read IP mode file for STMicroelectronics.FP-SNS-MOTENVWB1.1.4.0
2024-11-17 20:51:41,479 [WARN] PackLoader:240 - Cannot read IP mode file for STMicroelectronics.FP-ATR-ASTRA1.2.0.1
2024-11-17 20:51:41,495 [WARN] PackLoader:240 - Cannot read IP mode file for STMicroelectronics.X-CUBE-SMBUS.2.1.0
2024-11-17 20:51:41,510 [WARN] PackLoader:240 - Cannot read IP mode file for STMicroelectronics.X-CUBE-WB05N.1.1.0
2024-11-17 20:51:41,523 [WARN] PackLoader:240 - Cannot read IP mode file for STMicroelectronics.X-CUBE-TOUCHGFX.4.23.0
2024-11-17 20:51:41,529 [WARN] PackLoader:240 - Cannot read IP mode file for STMicroelectronics.X-CUBE-TOUCHGFX.4.23.2
2024-11-17 20:51:41,599 [WARN] PackLoader:240 - Cannot read IP mode file for STMicroelectronics.X-CUBE-AZRTOS-F7.1.1.0
2024-11-17 20:51:41,619 [WARN] PackLoader:240 - Cannot read IP mode file for STMicroelectronics.FP-SNS-MOTENV1.4.3.2
2024-11-17 20:51:41,624 [INFO] UserAuth:417 - Internet connection configuration mode: 1
2024-11-17 20:51:41,695 [WARN] PackLoader:240 - Cannot read IP mode file for STMicroelectronics.X-CUBE-MEMS1.11.0.0
2024-11-17 20:51:41,924 [WARN] PackLoader:240 - Cannot read IP mode file for STMicroelectronics.FP-SNS-FLIGHT1.5.0.2
2024-11-17 20:51:41,936 [WARN] PackLoader:240 - Cannot read IP mode file for STMicroelectronics.X-CUBE-DISPLAY.3.0.0
2024-11-17 20:51:41,949 [WARN] PackLoader:240 - Cannot read IP mode file for STMicroelectronics.X-CUBE-BLE1.7.0.0
2024-11-17 20:51:41,958 [WARN] PackLoader:240 - Cannot read IP mode file for STMicroelectronics.X-CUBE-NFC10.1.0.0
2024-11-17 20:51:41,966 [WARN] PackLoader:240 - Cannot read IP mode file for emotas.I-CUBE-CANOPEN.1.3.0
2024-11-17 20:51:41,972 [WARN] PackLoader:240 - Cannot read IP mode file for STMicroelectronics.X-CUBE-TOUCHGFX.4.22.1
2024-11-17 20:51:41,981 [WARN] PackLoader:240 - Cannot read IP mode file for STMicroelectronics.X-CUBE-BLEMGR.3.1.0
2024-11-17 20:51:41,990 [WARN] PackLoader:240 - Cannot read IP mode file for STMicroelectronics.FP-SNS-SMARTAG2.1.2.0
2024-11-17 20:51:42,000 [INFO] LogOutputStream:77 - [STDOUT_REDIRECT] 1 : Invalid condition id : UX_CORESTACK_Condition cause : null
2024-11-17 20:51:42,001 [INFO] LogOutputStream:77 - [STDOUT_REDIRECT] 1 : Invalid condition id : UX_CORESTACK_Condition cause : null
2024-11-17 20:51:42,003 [INFO] LogOutputStream:77 - [STDOUT_REDIRECT] 1 : Invalid condition id : UX_CORESTACK_Condition cause : null
2024-11-17 20:51:42,004 [INFO] LogOutputStream:77 - [STDOUT_REDIRECT] 1 : Invalid condition id : UX_CORESTACK_Condition cause : null
2024-11-17 20:51:42,004 [INFO] LogOutputStream:77 - [STDOUT_REDIRECT] 1 : Invalid condition id : UX_CORESTACK_Condition cause : null
2024-11-17 20:51:42,008 [WARN] PackLoader:240 - Cannot read IP mode file for STMicroelectronics.X-CUBE-AZRTOS-WL.2.0.0
2024-11-17 20:51:42,014 [WARN] PackLoader:240 - Cannot read IP mode file for STMicroelectronics.FP-SNS-MOTENV1.5.0.0
2024-11-17 20:51:42,024 [WARN] PackLoader:240 - Cannot read IP mode file for wolfSSL.I-CUBE-wolfMQTT.1.19.0
2024-11-17 20:51:42,033 [WARN] PackLoader:240 - Cannot read IP mode file for WES.I-CUBE-Cesium.1.3.0
2024-11-17 20:51:42,041 [WARN] PackLoader:240 - Cannot read IP mode file for STMicroelectronics.X-CUBE-BLE2.3.3.0
2024-11-17 20:51:42,049 [WARN] PackLoader:240 - Cannot read IP mode file for STMicroelectronics.X-CUBE-NFC9.1.0.0
2024-11-17 20:51:42,058 [WARN] PackLoader:240 - Cannot read IP mode file for STMicroelectronics.X-CUBE-TCPP.4.1.0
2024-11-17 20:51:42,065 [WARN] PackLoader:240 - Cannot read IP mode file for STMicroelectronics.X-CUBE-ALGOBUILD.1.3.0
2024-11-17 20:51:42,082 [WARN] PackLoader:240 - Cannot read IP mode file for STMicroelectronics.X-CUBE-AZRTOS-G0.1.1.0
2024-11-17 20:51:42,093 [WARN] PackLoader:240 - Cannot read IP mode file for STMicroelectronics.X-CUBE-SAFEA1.1.2.2
2024-11-17 20:51:42,104 [WARN] PackLoader:240 - Cannot read IP mode file for STMicroelectronics.X-CUBE-NFC4.3.0.0
2024-11-17 20:51:42,115 [WARN] PackLoader:240 - Cannot read IP mode file for EmbeddedOffice.I-CUBE-FS-RTOS.1.0.1
2024-11-17 20:51:42,116 [ERROR] ConditionMgr:805 - Attr not supported : Dmpu
2024-11-17 20:51:42,116 [ERROR] ConditionMgr:805 - Attr not supported : Dmpu
2024-11-17 20:51:42,116 [ERROR] ConditionMgr:805 - Attr not supported : Dmpu
2024-11-17 20:51:42,117 [ERROR] ConditionMgr:805 - Attr not supported : Dmpu
2024-11-17 20:51:42,117 [ERROR] ConditionMgr:805 - Attr not supported : Dmpu
2024-11-17 20:51:42,117 [ERROR] ConditionMgr:805 - Attr not supported : Dmpu
2024-11-17 20:51:42,117 [ERROR] ConditionMgr:805 - Attr not supported : Dmpu
2024-11-17 20:51:42,117 [ERROR] ConditionMgr:805 - Attr not supported : Dmpu
2024-11-17 20:51:42,117 [ERROR] ConditionMgr:805 - Attr not supported : Dmpu
2024-11-17 20:51:42,117 [ERROR] ConditionMgr:805 - Attr not supported : Dmpu
2024-11-17 20:51:42,117 [ERROR] ConditionMgr:805 - Attr not supported : Dmpu
2024-11-17 20:51:42,118 [ERROR] ConditionMgr:805 - Attr not supported : Dmpu
2024-11-17 20:51:42,118 [ERROR] ConditionMgr:805 - Attr not supported : Dmpu
2024-11-17 20:51:42,118 [ERROR] ConditionMgr:805 - Attr not supported : Dmpu
2024-11-17 20:51:42,118 [ERROR] ConditionMgr:805 - Attr not supported : Dmpu
2024-11-17 20:51:42,118 [ERROR] ConditionMgr:805 - Attr not supported : Dmpu
2024-11-17 20:51:42,118 [ERROR] ConditionMgr:805 - Attr not supported : Dmpu
2024-11-17 20:51:42,118 [ERROR] ConditionMgr:805 - Attr not supported : Dmpu
2024-11-17 20:51:42,118 [ERROR] ConditionMgr:805 - Attr not supported : Dmpu
2024-11-17 20:51:42,119 [ERROR] ConditionMgr:805 - Attr not supported : Dmpu
2024-11-17 20:51:42,119 [ERROR] ConditionMgr:805 - Attr not supported : Dmpu
2024-11-17 20:51:42,119 [ERROR] ConditionMgr:805 - Attr not supported : Dmpu
2024-11-17 20:51:42,119 [ERROR] ConditionMgr:805 - Attr not supported : Dmpu
2024-11-17 20:51:42,119 [ERROR] ConditionMgr:805 - Attr not supported : Dmpu
2024-11-17 20:51:42,119 [ERROR] ConditionMgr:805 - Attr not supported : Dmpu
2024-11-17 20:51:42,119 [ERROR] ConditionMgr:805 - Attr not supported : Dmpu
2024-11-17 20:51:42,119 [ERROR] ConditionMgr:805 - Attr not supported : Dmpu
2024-11-17 20:51:42,119 [ERROR] ConditionMgr:805 - Attr not supported : Dmpu
2024-11-17 20:51:42,120 [ERROR] ConditionMgr:805 - Attr not supported : Dmpu
2024-11-17 20:51:42,120 [ERROR] ConditionMgr:805 - Attr not supported : Dmpu
2024-11-17 20:51:42,120 [ERROR] ConditionMgr:805 - Attr not supported : Dmpu
2024-11-17 20:51:42,120 [ERROR] ConditionMgr:805 - Attr not supported : Dmpu
2024-11-17 20:51:42,120 [ERROR] ConditionMgr:805 - Attr not supported : Dmpu
2024-11-17 20:51:42,120 [ERROR] ConditionMgr:805 - Attr not supported : Dmpu
2024-11-17 20:51:42,120 [ERROR] ConditionMgr:805 - Attr not supported : Dmpu
2024-11-17 20:51:42,120 [ERROR] ConditionMgr:805 - Attr not supported : Dmpu
2024-11-17 20:51:42,120 [ERROR] ConditionMgr:805 - Attr not supported : Dmpu
2024-11-17 20:51:42,121 [ERROR] ConditionMgr:805 - Attr not supported : Dmpu
2024-11-17 20:51:42,121 [ERROR] ConditionMgr:805 - Attr not supported : Dmpu
2024-11-17 20:51:42,121 [ERROR] ConditionMgr:805 - Attr not supported : Dmpu
2024-11-17 20:51:42,121 [ERROR] ConditionMgr:805 - Attr not supported : Dmpu
2024-11-17 20:51:42,121 [ERROR] ConditionMgr:805 - Attr not supported : Dmpu
2024-11-17 20:51:42,121 [ERROR] ConditionMgr:805 - Attr not supported : Dmpu
2024-11-17 20:51:42,121 [ERROR] ConditionMgr:805 - Attr not supported : Dmpu
2024-11-17 20:51:42,121 [ERROR] ConditionMgr:805 - Attr not supported : Dmpu
2024-11-17 20:51:42,121 [ERROR] ConditionMgr:805 - Attr not supported : Dmpu
2024-11-17 20:51:42,121 [ERROR] ConditionMgr:805 - Attr not supported : Dmpu
2024-11-17 20:51:42,121 [ERROR] ConditionMgr:805 - Attr not supported : Dmpu
2024-11-17 20:51:42,121 [ERROR] ConditionMgr:805 - Attr not supported : Dmpu
2024-11-17 20:51:42,121 [ERROR] ConditionMgr:805 - Attr not supported : Dmpu
2024-11-17 20:51:42,122 [ERROR] ConditionMgr:805 - Attr not supported : Dmpu
2024-11-17 20:51:42,122 [ERROR] ConditionMgr:805 - Attr not supported : Dmpu
2024-11-17 20:51:42,122 [ERROR] ConditionMgr:805 - Attr not supported : Dmpu
2024-11-17 20:51:42,122 [ERROR] ConditionMgr:805 - Attr not supported : Dmpu
2024-11-17 20:51:42,122 [ERROR] ConditionMgr:805 - Attr not supported : Dmpu
2024-11-17 20:51:42,122 [ERROR] ConditionMgr:805 - Attr not supported : Dmpu
2024-11-17 20:51:42,122 [ERROR] ConditionMgr:805 - Attr not supported : Dmpu
2024-11-17 20:51:42,122 [ERROR] ConditionMgr:805 - Attr not supported : Dmpu
2024-11-17 20:51:42,122 [ERROR] ConditionMgr:805 - Attr not supported : Dmpu
2024-11-17 20:51:42,122 [ERROR] ConditionMgr:805 - Attr not supported : Dmpu
2024-11-17 20:51:42,122 [ERROR] ConditionMgr:805 - Attr not supported : Dmpu
2024-11-17 20:51:42,122 [ERROR] ConditionMgr:805 - Attr not supported : Dmpu
2024-11-17 20:51:42,122 [ERROR] ConditionMgr:805 - Attr not supported : Dmpu
2024-11-17 20:51:42,123 [ERROR] ConditionMgr:805 - Attr not supported : Dmpu
2024-11-17 20:51:42,130 [WARN] PackLoader:240 - Cannot read IP mode file for STMicroelectronics.X-CUBE-BLEMGR.3.0.0
2024-11-17 20:51:42,139 [WARN] PackLoader:240 - Cannot read IP mode file for RealThread.X-CUBE-RT-Thread_Nano.4.1.1
2024-11-17 20:51:42,146 [WARN] PackLoader:240 - Cannot read IP mode file for STMicroelectronics.FP-ATR-SIGFOX1.3.2.0
2024-11-17 20:51:42,154 [WARN] ConditionMgr:438 - getConditionDescription Invalid condition id : Cortex-A Device cause : null
2024-11-17 20:51:42,181 [WARN] ConditionMgr:1039 - genDependencies : Invalid condition id : Cortex-A Device cause : null
2024-11-17 20:51:42,181 [WARN] ConditionMgr:1039 - genDependencies : Invalid condition id : Cortex-A Device cause : null
2024-11-17 20:51:42,181 [WARN] ConditionMgr:1039 - genDependencies : Invalid condition id : Cortex-A Device cause : null
2024-11-17 20:51:42,190 [WARN] PackLoader:240 - Cannot read IP mode file for STMicroelectronics.X-CUBE-EEPRMA1.5.1.0
2024-11-17 20:51:42,241 [WARN] PackLoader:240 - Cannot read IP mode file for SEGGER.I-CUBE-embOS.1.3.1
2024-11-17 20:51:42,330 [WARN] PackLoader:240 - Cannot read IP mode file for STMicroelectronics.X-CUBE-ALGOBUILD.1.4.0
2024-11-17 20:51:42,339 [WARN] PackLoader:240 - Cannot read IP mode file for STMicroelectronics.X-CUBE-AI.9.1.0
2024-11-17 20:51:42,347 [WARN] PackLoader:240 - Cannot read IP mode file for STMicroelectronics.X-CUBE-GNSS1.6.0.0
2024-11-17 20:51:42,368 [WARN] PackLoader:240 - Cannot read IP mode file for STMicroelectronics.X-CUBE-AZRTOS-F4.1.1.0
2024-11-17 20:51:42,378 [WARN] PackLoader:240 - Cannot read IP mode file for wolfSSL.I-CUBE-wolfSSL.5.6.3
2024-11-17 20:51:42,384 [WARN] PackLoader:240 - Cannot read IP mode file for STMicroelectronics.X-CUBE-ISPU.2.1.0
2024-11-17 20:51:42,392 [WARN] PackLoader:240 - Cannot read IP mode file for STMicroelectronics.X-CUBE-FREERTOS.1.2.0
2024-11-17 20:51:42,413 [WARN] PackLoader:240 - Cannot read IP mode file for STMicroelectronics.X-CUBE-AZRTOS-L5.2.0.0
2024-11-17 20:51:42,449 [WARN] PackLoader:240 - Cannot read IP mode file for STMicroelectronics.X-CUBE-MEMS1.9.6.0
2024-11-17 20:51:42,584 [WARN] PackLoader:240 - Cannot read IP mode file for STMicroelectronics.X-CUBE-EEPRMA1.4.2.0
2024-11-17 20:51:42,592 [WARN] PackLoader:240 - Cannot read IP mode file for STMicroelectronics.X-CUBE-NFC6.3.1.0
2024-11-17 20:51:42,598 [WARN] PackLoader:240 - Cannot read IP mode file for ITTIA_DB.I-CUBE-ITTIADB.8.8.0
2024-11-17 20:51:42,606 [WARN] PackLoader:240 - Cannot read IP mode file for STMicroelectronics.X-CUBE-BLEMGR.2.0.0
2024-11-17 20:51:42,614 [WARN] PackLoader:240 - Cannot read IP mode file for STMicroelectronics.X-CUBE-DPower.1.2.0
2024-11-17 20:51:42,619 [WARN] PackLoader:240 - Cannot read IP mode file for STMicroelectronics.X-CUBE-AI.9.0.0
2024-11-17 20:51:42,632 [WARN] ConditionMgr:438 - getConditionDescription Invalid condition id : UX DEVICE CLASS RTOS Condition cause : null
2024-11-17 20:51:42,632 [WARN] ConditionMgr:438 - getConditionDescription Invalid condition id : UX DEVICE CLASS RTOS Condition cause : null
2024-11-17 20:51:42,636 [WARN] PackLoader:240 - Cannot read IP mode file for STMicroelectronics.X-CUBE-AZRTOS-H7.3.1.0
2024-11-17 20:51:42,637 [WARN] ConditionMgr:1039 - genDependencies : Invalid condition id : UX DEVICE CLASS RTOS Condition cause : null
2024-11-17 20:51:42,638 [WARN] ConditionMgr:1039 - genDependencies : Invalid condition id : UX DEVICE CLASS RTOS Condition cause : null
2024-11-17 20:51:42,638 [WARN] ConditionMgr:1039 - genDependencies : Invalid condition id : UX DEVICE CLASS RTOS Condition cause : null
2024-11-17 20:51:42,639 [WARN] ConditionMgr:1039 - genDependencies : Invalid condition id : UX DEVICE CLASS RTOS Condition cause : null
2024-11-17 20:51:42,639 [WARN] ConditionMgr:1039 - genDependencies : Invalid condition id : UX DEVICE CLASS RTOS Condition cause : null
2024-11-17 20:51:42,644 [WARN] PackLoader:240 - Cannot read IP mode file for STMicroelectronics.X-CUBE-NFC7.1.0.1
2024-11-17 20:51:42,648 [WARN] PackLoader:240 - Cannot read IP mode file for wolfSSL.I-CUBE-wolfTPM.3.2.0
2024-11-17 20:51:42,654 [WARN] PackLoader:240 - Cannot read IP mode file for STMicroelectronics.X-CUBE-NFC6.3.0.0
2024-11-17 20:51:42,659 [WARN] PackLoader:240 - Cannot read IP mode file for STMicroelectronics.X-CUBE-EEPRMA1.4.1.0
2024-11-17 20:51:42,663 [WARN] PackLoader:240 - Cannot read IP mode file for STMicroelectronics.X-CUBE-AI.8.1.0
2024-11-17 20:51:42,676 [WARN] ConditionMgr:438 - getConditionDescription Invalid condition id : LAN8742 Phy interface Condition cause : null
2024-11-17 20:51:42,677 [WARN] PackLoader:240 - Cannot read IP mode file for STMicroelectronics.X-CUBE-AZRTOS-L4.2.0.0
2024-11-17 20:51:42,678 [WARN] ConditionMgr:1039 - genDependencies : Invalid condition id : LAN8742 Phy interface Condition cause : null
2024-11-17 20:51:42,678 [WARN] ConditionMgr:1039 - genDependencies : Invalid condition id : LAN8742 Phy interface Condition cause : null
2024-11-17 20:51:42,678 [WARN] ConditionMgr:1039 - genDependencies : Invalid condition id : LAN8742 Phy interface Condition cause : null
2024-11-17 20:51:42,687 [WARN] PackLoader:240 - Cannot read IP mode file for STMicroelectronics.X-CUBE-SFXS2LP1.4.0.0
2024-11-17 20:51:42,691 [WARN] PackLoader:240 - Cannot read IP mode file for STMicroelectronics.X-CUBE-ISPU.1.1.0
2024-11-17 20:51:42,717 [WARN] PackLoader:240 - Cannot read IP mode file for STMicroelectronics.X-CUBE-AZRTOS-H7.3.3.0
2024-11-17 20:51:42,728 [WARN] PackLoader:240 - Cannot read IP mode file for STMicroelectronics.X-CUBE-IPS.3.0.0
2024-11-17 20:51:42,744 [WARN] ConditionMgr:438 - getConditionDescription Invalid condition id : UX DEVICE CLASS RTOS Condition cause : null
2024-11-17 20:51:42,745 [WARN] ConditionMgr:438 - getConditionDescription Invalid condition id : UX DEVICE CLASS RTOS Condition cause : null
2024-11-17 20:51:42,748 [WARN] PackLoader:240 - Cannot read IP mode file for STMicroelectronics.X-CUBE-AZRTOS-WB.2.0.0
2024-11-17 20:51:42,749 [WARN] ConditionMgr:1039 - genDependencies : Invalid condition id : UX DEVICE CLASS RTOS Condition cause : null
2024-11-17 20:51:42,749 [WARN] ConditionMgr:1039 - genDependencies : Invalid condition id : UX DEVICE CLASS RTOS Condition cause : null
2024-11-17 20:51:42,750 [WARN] ConditionMgr:1039 - genDependencies : Invalid condition id : UX DEVICE CLASS RTOS Condition cause : null
2024-11-17 20:51:42,750 [WARN] ConditionMgr:1039 - genDependencies : Invalid condition id : UX DEVICE CLASS RTOS Condition cause : null
2024-11-17 20:51:42,750 [WARN] ConditionMgr:1039 - genDependencies : Invalid condition id : UX DEVICE CLASS RTOS Condition cause : null
2024-11-17 20:51:42,757 [WARN] PackLoader:240 - Cannot read IP mode file for STMicroelectronics.X-CUBE-GNSS1.7.0.0
2024-11-17 20:51:42,762 [WARN] PackLoader:240 - Cannot read IP mode file for STMicroelectronics.FP-SNS-STBOX1.2.0.0
2024-11-17 20:51:42,772 [WARN] PackLoader:240 - Cannot read IP mode file for STMicroelectronics.X-CUBE-SUBG2.5.0.0
2024-11-17 20:51:42,780 [WARN] PackLoader:240 - Cannot read IP mode file for Cesanta.I-CUBE-Mongoose.7.13.0
2024-11-17 20:51:42,788 [WARN] PackLoader:240 - Cannot read IP mode file for STMicroelectronics.X-CUBE-TOF1.3.3.1
2024-11-17 20:51:42,806 [WARN] PackLoader:240 - Cannot read IP mode file for STMicroelectronics.X-CUBE-AZRTOS-G4.2.0.0
2024-11-17 20:51:42,816 [WARN] PackLoader:240 - Cannot read IP mode file for Infineon.AIROC-Wi-Fi-Bluetooth-STM32.1.5.1
2024-11-17 20:51:42,823 [WARN] PackLoader:240 - Cannot read IP mode file for STMicroelectronics.FP-SNS-MOTENVWB1.1.3.1
2024-11-17 20:51:42,827 [WARN] PackLoader:240 - Cannot read IP mode file for STMicroelectronics.X-CUBE-ISPU.2.0.0
2024-11-17 20:51:42,831 [WARN] PackLoader:240 - Cannot read IP mode file for STMicroelectronics.X-CUBE-ALS.1.0.2
2024-11-17 20:51:42,859 [WARN] PackLoader:240 - Cannot read IP mode file for STMicroelectronics.X-CUBE-MEMS1.10.0.0
2024-11-17 20:51:42,956 [WARN] PackLoader:240 - Cannot read IP mode file for STMicroelectronics.X-CUBE-FREERTOS.1.1.0
2024-11-17 20:51:42,960 [WARN] PackLoader:240 - Cannot read IP mode file for STMicroelectronics.X-CUBE-TOUCHGFX.4.24.0
2024-11-17 20:51:42,963 [WARN] PackLoader:240 - Cannot read IP mode file for STMicroelectronics.X-CUBE-TOUCHGFX.4.24.1
2024-11-17 20:51:42,968 [WARN] PackLoader:240 - Cannot read IP mode file for portGmbH.I-Cube-SoM-uGOAL.1.1.0
2024-11-17 20:51:42,972 [WARN] PackLoader:240 - Cannot read IP mode file for STMicroelectronics.X-CUBE-ALS.1.0.1
2024-11-17 20:51:42,986 [WARN] PackLoader:240 - Cannot read IP mode file for STMicroelectronics.X-CUBE-AZRTOS-H7RS.1.0.0
2024-11-17 20:51:42,993 [WARN] PackLoader:240 - Cannot read IP mode file for STMicroelectronics.FP-ATR-ASTRA1.2.0.0
2024-11-17 20:51:43,001 [WARN] PackLoader:240 - Cannot read IP mode file for STMicroelectronics.X-CUBE-TOF1.3.4.2
2024-11-17 20:51:43,014 [WARN] PackLoader:240 - Cannot read IP mode file for STMicroelectronics.X-CUBE-TOF1.3.4.0
2024-11-17 20:51:43,037 [WARN] PackLoader:240 - Cannot read IP mode file for STMicroelectronics.X-CUBE-TOF1.3.4.1
2024-11-17 20:51:43,063 [WARN] PackLoader:240 - Cannot read IP mode file for STMicroelectronics.X-CUBE-AZRTOS-H7.3.2.0
2024-11-17 20:51:43,072 [WARN] PackLoader:240 - Cannot read IP mode file for wolfSSL.I-CUBE-wolfSSH.1.4.17
2024-11-17 20:51:43,073 [INFO] ThirdParty:978 - Integrity check success = true
2024-11-17 20:51:43,073 [INFO] IntegrityCheckThread:100 - exiting critical section [integrity check]
2024-11-17 20:51:43,073 [INFO] IntegrityCheckThread:103 - End integrity checks thread
2024-11-17 20:51:58,073 [ERROR] LogOutputStream:75 - [STDERR_REDIRECT] 
2024-11-17 20:52:24,793 [INFO] Activator:176 - 


2024-11-17 20:52:24,795 [INFO] Activator:177 - !SESSION log4j initialized
2024-11-17 20:52:27,657 [INFO] LogOutputStream:77 - [STDOUT_REDIRECT] 
2024-11-17 20:52:45,489 [INFO] ApplicationProperties:184 - Using Application install path: E:\STM32Cube\STM32CubeIDE_1.13.2\STM32CubeIDE\plugins\com.st.stm32cube.common.mx_6.12.0.202406281431
2024-11-17 20:52:45,501 [INFO] DbMcusXml:78 - Set database path to: E:\STM32Cube\STM32CubeIDE_1.13.2\STM32CubeIDE\plugins\com.st.stm32cube.common.mx_6.12.0.202406281431\\db\/mcu/
2024-11-17 20:52:45,502 [INFO] ApiDb:274 - Set plugin database path to: E:\STM32Cube\STM32CubeIDE_1.13.2\STM32CubeIDE\plugins\com.st.stm32cube.common.mx_6.12.0.202406281431\\db\/plugins/boardmanager/
2024-11-17 20:52:45,502 [WARN] ApiDb:259 - Overriding images path with different value:  => E:\STM32Cube\STM32CubeIDE_1.13.2\STM32CubeIDE\plugins\com.st.stm32cube.common.mx_6.12.0.202406281431\\db\/plugins/mcufinder/images/
2024-11-17 20:52:45,506 [INFO] ApiDb:250 - Set database path to: C:\Users\ADMIN\.stmcufinder\plugins\mcufinder//mcu/
2024-11-17 20:52:45,507 [INFO] DbMcusAds:125 - Set database path to: C:\Users\ADMIN\.stmcufinder\plugins\mcufinder//mcu/
2024-11-17 20:52:45,512 [INFO] CrossReferenceDbSqlite:203 - Set database path to: C:\Users\ADMIN\.stmcufinder\plugins\mcufinder//mcu/cs/
2024-11-17 20:52:45,599 [INFO] RulesReader:64 - Compatibility file has been processed (297 Rules)
2024-11-17 20:52:45,671 [INFO] DbMcusXml:78 - Set database path to: E:\STM32Cube\STM32CubeIDE_1.13.2\STM32CubeIDE\plugins\com.st.stm32cube.common.mx_6.12.0.202406281431\\db\/mcu/
2024-11-17 20:52:45,671 [INFO] ApiDb:274 - Set plugin database path to: E:\STM32Cube\STM32CubeIDE_1.13.2\STM32CubeIDE\plugins\com.st.stm32cube.common.mx_6.12.0.202406281431\\db\/plugins/boardmanager/
2024-11-17 20:52:45,671 [INFO] ApiDb:261 - Set plugin images path to: E:\STM32Cube\STM32CubeIDE_1.13.2\STM32CubeIDE\plugins\com.st.stm32cube.common.mx_6.12.0.202406281431\\db\/plugins/mcufinder/images/
2024-11-17 20:52:45,671 [WARN] DbFile:41 - Overriding database path with different value: C:\Users\ADMIN\.stmcufinder\plugins\mcufinder/ => C:\Users\ADMIN\.stmcufinder\plugins\mcufinder
2024-11-17 20:52:45,671 [INFO] ApiDb:250 - Set database path to: C:\Users\ADMIN\.stmcufinder\plugins\mcufinder//mcu/
2024-11-17 20:52:45,671 [WARN] DbFile:41 - Overriding database path with different value: C:\Users\ADMIN\.stmcufinder\plugins\mcufinder/ => C:\Users\ADMIN\.stmcufinder\plugins\mcufinder
2024-11-17 20:52:45,672 [INFO] DbMcusAds:125 - Set database path to: C:\Users\ADMIN\.stmcufinder\plugins\mcufinder//mcu/
2024-11-17 20:52:45,672 [WARN] DbFile:41 - Overriding database path with different value: C:\Users\ADMIN\.stmcufinder\plugins\mcufinder/ => C:\Users\ADMIN\.stmcufinder\plugins\mcufinder
2024-11-17 20:52:45,672 [WARN] DbFile:41 - Overriding database path with different value: C:\Users\ADMIN\.stmcufinder\plugins\mcufinder/ => C:\Users\ADMIN\.stmcufinder\plugins\mcufinder
2024-11-17 20:52:45,672 [INFO] CrossReferenceDbSqlite:203 - Set database path to: C:\Users\ADMIN\.stmcufinder\plugins\mcufinder//mcu/cs/
2024-11-17 20:52:45,736 [INFO] MainPanel:268 - HeapMemory: 268435456
2024-11-17 20:52:45,794 [INFO] DbMcusXml:78 - Set database path to: E:\STM32Cube\STM32CubeIDE_1.13.2\STM32CubeIDE\plugins\com.st.stm32cube.common.mx_6.12.0.202406281431\\db\/mcu/
2024-11-17 20:52:45,795 [INFO] ApiDb:274 - Set plugin database path to: E:\STM32Cube\STM32CubeIDE_1.13.2\STM32CubeIDE\plugins\com.st.stm32cube.common.mx_6.12.0.202406281431\\db\/plugins/boardmanager/
2024-11-17 20:52:45,795 [INFO] ApiDb:261 - Set plugin images path to: E:\STM32Cube\STM32CubeIDE_1.13.2\STM32CubeIDE\plugins\com.st.stm32cube.common.mx_6.12.0.202406281431\\db\/plugins/mcufinder/images/
2024-11-17 20:52:45,795 [WARN] DbFile:41 - Overriding database path with different value: C:\Users\ADMIN\.stmcufinder\plugins\mcufinder/ => C:\Users\ADMIN\.stmcufinder\plugins\mcufinder
2024-11-17 20:52:45,795 [INFO] ApiDb:250 - Set database path to: C:\Users\ADMIN\.stmcufinder\plugins\mcufinder//mcu/
2024-11-17 20:52:45,795 [WARN] DbFile:41 - Overriding database path with different value: C:\Users\ADMIN\.stmcufinder\plugins\mcufinder/ => C:\Users\ADMIN\.stmcufinder\plugins\mcufinder
2024-11-17 20:52:45,795 [INFO] DbMcusAds:125 - Set database path to: C:\Users\ADMIN\.stmcufinder\plugins\mcufinder//mcu/
2024-11-17 20:52:45,795 [WARN] DbFile:41 - Overriding database path with different value: C:\Users\ADMIN\.stmcufinder\plugins\mcufinder/ => C:\Users\ADMIN\.stmcufinder\plugins\mcufinder
2024-11-17 20:52:45,795 [WARN] DbFile:41 - Overriding database path with different value: C:\Users\ADMIN\.stmcufinder\plugins\mcufinder/ => C:\Users\ADMIN\.stmcufinder\plugins\mcufinder
2024-11-17 20:52:45,796 [INFO] CrossReferenceDbSqlite:203 - Set database path to: C:\Users\ADMIN\.stmcufinder\plugins\mcufinder//mcu/cs/
2024-11-17 20:52:45,809 [INFO] ApplicationProperties:184 - Using Application install path: E:\STM32Cube\STM32CubeIDE_1.13.2\STM32CubeIDE\plugins\com.st.stm32cube.common.mx_6.12.0.202406281431
2024-11-17 20:52:45,810 [INFO] PluginManage:196 - Search for loadable plugins [exclusion list=, ]
2024-11-17 20:52:45,811 [INFO] PluginManage:310 - Check plugin analytics
2024-11-17 20:52:50,474 [INFO] AnalyticsPlugin:253 - Accepted Software Licenses: STM32CubeMX.6.10.0,STM32CubeMX.6.12.0
2024-11-17 20:52:50,474 [INFO] AnalyticsPlugin:255 - Accepted CMSIS Pack Licenses: 
2024-11-17 20:52:50,475 [INFO] AnalyticsPlugin:257 - Accepted Firmware Licenses: FW.F4.1.27.0,FW.F4.1.28.0
2024-11-17 20:52:50,477 [INFO] PluginManage:359 - Loaded plugin analytics (category:tool,tabindex:-1)
2024-11-17 20:52:50,477 [INFO] PluginManage:310 - Check plugin cadmodel
2024-11-17 20:52:50,480 [INFO] CADModel:105 - Init CAD model plugin
2024-11-17 20:52:50,481 [INFO] PluginManage:359 - Loaded plugin cadmodel (category:power,tabindex:5)
2024-11-17 20:52:50,481 [INFO] PluginManage:310 - Check plugin clock
2024-11-17 20:52:50,487 [INFO] PluginManage:359 - Loaded plugin clock (category:base,tabindex:2)
2024-11-17 20:52:50,488 [INFO] PluginManage:310 - Check plugin ddr
2024-11-17 20:52:50,489 [INFO] PluginManage:359 - Loaded plugin ddr (category:tool,tabindex:6)
2024-11-17 20:52:50,490 [INFO] PluginManage:310 - Check plugin filemanager
2024-11-17 20:52:50,636 [INFO] PluginManage:359 - Loaded plugin filemanager (category:base,tabindex:10)
2024-11-17 20:52:50,636 [INFO] PluginManage:310 - Check plugin ipmanager
2024-11-17 20:52:50,654 [INFO] PluginManage:359 - Loaded plugin ipmanager (category:base,tabindex:5)
2024-11-17 20:52:50,654 [INFO] PluginManage:310 - Check plugin lpbam
2024-11-17 20:52:50,663 [INFO] PluginManage:359 - Loaded plugin lpbam (category:base,tabindex:0)
2024-11-17 20:52:50,664 [INFO] PluginManage:310 - Check plugin memorymap
2024-11-17 20:52:50,677 [INFO] PluginManage:359 - Loaded plugin memorymap (category:base,tabindex:4)
2024-11-17 20:52:50,678 [INFO] PluginManage:310 - Check plugin pinoutandconfiguration
2024-11-17 20:52:50,688 [INFO] PluginManage:359 - Loaded plugin pinoutandconfiguration (category:base,tabindex:1)
2024-11-17 20:52:50,688 [INFO] PluginManage:310 - Check plugin pinoutconfig
2024-11-17 20:52:50,784 [WARN] SupportedApi:132 - Cannot load RTOS API schema: s4s-elt-must-match.1: The content of 'definitions' must match (annotation?, (simpleType | complexType)?, (unique | key | keyref)*)). A problem was found starting at: attribute.
2024-11-17 20:52:50,938 [INFO] PluginManage:359 - Loaded plugin pinoutconfig (category:base,tabindex:0)
2024-11-17 20:52:50,938 [INFO] PluginManage:310 - Check plugin power
2024-11-17 20:52:50,949 [INFO] PluginManage:359 - Loaded plugin power (category:power,tabindex:4)
2024-11-17 20:52:50,950 [INFO] PluginManage:310 - Check plugin projectmanager
2024-11-17 20:52:50,970 [INFO] PluginManage:359 - Loaded plugin projectmanager (category:projectmanager,tabindex:4)
2024-11-17 20:52:50,970 [INFO] PluginManage:310 - Check plugin rif
2024-11-17 20:52:50,977 [INFO] PluginManage:359 - Loaded plugin rif (category:base,tabindex:3)
2024-11-17 20:52:50,977 [INFO] PluginManage:310 - Check plugin thirdparty
2024-11-17 20:52:51,136 [INFO] PluginManage:359 - Loaded plugin thirdparty (category:base,tabindex:-1)
2024-11-17 20:52:51,136 [WARN] IntegrityCheckThread:84 - waiting for thirdparty lock release [integrity check]
2024-11-17 20:52:51,136 [INFO] PluginManage:310 - Check plugin tools
2024-11-17 20:52:51,136 [INFO] IntegrityCheckThread:86 - entering critical section [integrity check]
2024-11-17 20:52:51,136 [INFO] ThirdPartyUpdaterWithRetryManager:70 - Updater plugin not ready yet. [1/15]
2024-11-17 20:52:51,138 [INFO] PluginManage:359 - Loaded plugin tools (category:base,tabindex:7)
2024-11-17 20:52:51,139 [INFO] PluginManage:310 - Check plugin tutovideos
2024-11-17 20:52:51,306 [INFO] PluginManage:359 - Loaded plugin tutovideos (category:base,tabindex:-1)
2024-11-17 20:52:51,307 [INFO] PluginManage:310 - Check plugin updater
2024-11-17 20:52:51,319 [INFO] PluginManage:359 - Loaded plugin updater (category:base,tabindex:12)
2024-11-17 20:52:51,319 [INFO] PluginManage:310 - Check plugin userauth
2024-11-17 20:52:51,323 [INFO] UserAuth:113 - Init User Auth plugin
2024-11-17 20:52:51,323 [INFO] PluginManage:359 - Loaded plugin userauth (category:base,tabindex:14)
2024-11-17 20:52:51,324 [INFO] PluginManage:283 - PluginManage : Loaded plugins [18]
